git init
# Initialized empty Git repository in XXXXXX

git status
# On branch master

# No commits yet

# nothing to commit (create/copy files and use "git add" to track)

nano VegetableSoup.txt

git status
# On branch master

# No commits yet

# Untracked files:
  # (use "git add <file>..." to include in what will be committed)
        # VegetableSoup.txt

# nothing added to commit but untracked files present (use "git add" to track)

git add VegetableSoup.txt
# On branch master

# No commits yet

# Changes to be committed:
  # (use "git rm --cached <file>..." to unstage)
        # new file:   VegetableSoup.txt

git commit -m "My first commit"
# [master (root-commit) 15472ec] My first commit
 # Committer: Angel Sevilla Camins - Anchormen <a.sevilla@anchormen.nl>
# Your name and email address were configured automatically based
# on your username and hostname. Please check that they are accurate.
# You can suppress this message by setting them explicitly. Run the
# following command and follow the instructions in your editor to edit
# your configuration file:

    # git config --global --edit

# After doing this, you may fix the identity used for this commit with:

    # git commit --amend --reset-author

 # 1 file changed, 8 insertions(+)
 # create mode 100644 VegetableSoup.txt
 
git log
# commit 15472ec27041cd8b052fa7f0ea1031285fda7c5b (HEAD -> master)
# Author: Angel Sevilla Camins - Anchormen <a.sevilla@anchormen.nl>
# Date:   Fri Feb 26 12:22:20 2021 +0100

    # My first commit

# Make mistakes and correct them
# Unstage a file
touch wrong.file
git add wrong.file
git status
# On branch master
# Changes to be committed:
  # (use "git restore --staged <file>..." to unstage)
        # new file:   wrong.file


git reset wrong.file
git status
# On branch master
# Untracked files:
  # (use "git add <file>..." to include in what will be committed)
        # wrong.file

# nothing added to commit but untracked files present (use "git add" to track)

# Restore from repository

rm wrong.file
rm VegetableSoup.txt

git reset --hard HEAD

git log
# commit 15472ec27041cd8b052fa7f0ea1031285fda7c5b (HEAD -> master)
# Author: Angel Sevilla Camins - Anchormen <a.sevilla@anchormen.nl>
# Date:   Fri Feb 26 12:22:20 2021 +0100

    # My first commit

git checkout -b new_branch
# Switched to a new branch 'new_branch'

git log
# commit 15472ec27041cd8b052fa7f0ea1031285fda7c5b (HEAD -> new_branch, master)
# Author: Angel Sevilla Camins - Anchormen <a.sevilla@anchormen.nl>
# Date:   Fri Feb 26 12:22:20 2021 +0100

    # My first commit

# Open the VegetableSoup recipe again and add some more ingredients  
nano VegetableSoup.txt

# Save the file with the changes
# Add water, for example

#   Commit the changes, so the changes are saved (don't forget to specify which changes should be tracked!)
git commit -am "added water"
# [new_branch 2f3117b] added water
 # Committer: Angel Sevilla Camins - Anchormen <a.sevilla@anchormen.nl>
# Your name and email address were configured automatically based
# on your username and hostname. Please check that they are accurate.
# You can suppress this message by setting them explicitly. Run the
# following command and follow the instructions in your editor to edit
# your configuration file:

    # git config --global --edit

# After doing this, you may fix the identity used for this commit with:

    # git commit --amend --reset-author

 # 1 file changed, 1 insertion(+)
 
# switch back to new_branch and merge it on master
git checkout master
# Switched to branch 'master'

git merge new_branch
# Updating 15472ec..2f3117b
# Fast-forward
 # VegetableSoup.txt | 1 +
 # 1 file changed, 1 insertion(+)

# Remove old branch 
git branch -d new_branch
# Deleted branch new_branch (was 2f3117b).

git log
# commit 2f3117b29f4c2640b699abac9ffddc93747b2f2f (HEAD -> master)
# Author: Angel Sevilla Camins - Anchormen <a.sevilla@anchormen.nl>
# Date:   Fri Feb 26 13:33:10 2021 +0100

    # added water

# commit 15472ec27041cd8b052fa7f0ea1031285fda7c5b
# Author: Angel Sevilla Camins - Anchormen <a.sevilla@anchormen.nl>
# Date:   Fri Feb 26 12:22:20 2021 +0100

    # My first commit
    
# Create new repository in https://gitlab.com
git remote add origin https://gitlab.com/a.sevilla/Recipes.git
git push -u origin --all
# Enumerating objects: 6, done.
# Counting objects: 100% (6/6), done.
# Delta compression using up to 16 threads
# Compressing objects: 100% (4/4), done.
# Writing objects: 100% (6/6), 542 bytes | 542.00 KiB/s, done.
# Total 6 (delta 2), reused 0 (delta 0), pack-reused 0
# To https://gitlab.com/a.sevilla/Recipes.git
 # * [new branch]      master -> master
# Branch 'master' set up to track remote branch 'master' from 'origin'.

# create a wrong commit and push it to GitLab
rm VegetableSoup.txt
git commit -am "wrong commit"
git push

# revert the last commit and push it to GitLab 
git revert HEAD
# [master 4228ef7] Revert "wrong commit"
 # Committer: Angel Sevilla Camins - Anchormen <a.sevilla@anchormen.nl>
# Your name and email address were configured automatically based
# on your username and hostname. Please check that they are accurate.
# You can suppress this message by setting them explicitly. Run the
# following command and follow the instructions in your editor to edit
# your configuration file:

    # git config --global --edit

# After doing this, you may fix the identity used for this commit with:

    # git commit --amend --reset-author

 # 1 file changed, 9 insertions(+)
 # create mode 100644 VegetableSoup.txt

git push
# Enumerating objects: 4, done.
# Counting objects: 100% (4/4), done.
# Delta compression using up to 16 threads
# Compressing objects: 100% (2/2), done.
# Writing objects: 100% (3/3), 394 bytes | 394.00 KiB/s, done.
# Total 3 (delta 0), reused 0 (delta 0), pack-reused 0
# To https://gitlab.com/a.sevilla/Recipes.git
   # 02f8299..4228ef7  master -> master

# Add another ingredient to VegetableSoup.txt
git status
# On branch master
# Your branch is up to date with 'origin/master'.

# Changes not staged for commit:
  # (use "git add <file>..." to update what will be committed)
  # (use "git restore <file>..." to discard changes in working directory)
        # modified:   VegetableSoup.txt

# no changes added to commit (use "git add" and/or "git commit -a")

git stash
# Saved working directory and index state WIP on master: 4228ef7 Revert "wrong commit"

git status
# On branch master
# Your branch is up to date with 'origin/master'.

# nothing to commit, working tree clean

git stash pop
# On branch master
# Your branch is up to date with 'origin/master'.

# Changes not staged for commit:
  # (use "git add <file>..." to update what will be committed)
  # (use "git restore <file>..." to discard changes in working directory)
        # modified:   VegetableSoup.txt

# no changes added to commit (use "git add" and/or "git commit -a")
# Dropped refs/stash@{0} (5be9e724ff3daa094e571a88a71309dfa467e4b8)

git status
# On branch master
# Your branch is up to date with 'origin/master'.

# Changes not staged for commit:
  # (use "git add <file>..." to update what will be committed)
  # (use "git restore <file>..." to discard changes in working directory)
        # modified:   VegetableSoup.txt

# no changes added to commit (use "git add" and/or "git commit -a")

git commit -am "added additional ingredient"
# [master 35d31af] added additional ingredient
 # Committer: Angel Sevilla Camins - Anchormen <a.sevilla@anchormen.nl>
# Your name and email address were configured automatically based
# on your username and hostname. Please check that they are accurate.
# You can suppress this message by setting them explicitly. Run the
# following command and follow the instructions in your editor to edit
# your configuration file:

    # git config --global --edit

# After doing this, you may fix the identity used for this commit with:

    # git commit --amend --reset-author

 # 1 file changed, 1 insertion(+)
 
# change the “Another ingredient” to  a real ingredient
# To add the change to the index
git add VegetableSoup.txt
git commit --amend
# [master fc2fa53] added additional ingredient
 # Date: Fri Feb 26 14:23:48 2021 +0100
 # Committer: Angel Sevilla Camins - Anchormen <a.sevilla@anchormen.nl>
# Your name and email address were configured automatically based
# on your username and hostname. Please check that they are accurate.
# You can suppress this message by setting them explicitly. Run the
# following command and follow the instructions in your editor to edit
# your configuration file:

    # git config --global --edit

# After doing this, you may fix the identity used for this commit with:

    # git commit --amend --reset-author

 # 1 file changed, 1 insertion(+)

git status
# On branch master
# Your branch is ahead of 'origin/master' by 1 commit.
  # (use "git push" to publish your local commits)

# Changes not staged for commit:
  # (use "git add <file>..." to update what will be committed)
  # (use "git restore <file>..." to discard changes in working directory)
        # modified:   VegetableSoup.txt

# no changes added to commit (use "git add" and/or "git commit -a")
git pull

# Git flow
git flow init

# Which branch should be used for bringing forth production releases?
   # - master
# Branch name for production releases: [master]
# Branch name for "next release" development: [develop]

# How to name your supporting branch prefixes?
# Feature branches? [feature/]
# Bugfix branches? [bugfix/]
# Release branches? [release/]
# Hotfix branches? [hotfix/]
# Support branches? [support/]
# Version tag prefix? []
# Hooks and filters directory? [D:/git/Recipes/.git/hooks]

export FEATURE=Preparation
git flow feature start $FEATURE
# Switched to a new branch 'feature/Preparation'

# Summary of actions:
# - A new branch 'feature/Preparation' was created, based on 'develop'
# - You are now on branch 'feature/Preparation'

# Now, start committing on your feature. When done, use:

     # git flow feature finish Preparation

git commit -am "added preparation"
# [feature/Preparation 2563e54] added preparation
 # Committer: Angel Sevilla Camins - Anchormen <a.sevilla@anchormen.nl>
# Your name and email address were configured automatically based
# on your username and hostname. Please check that they are accurate.
# You can suppress this message by setting them explicitly. Run the
# following command and follow the instructions in your editor to edit
# your configuration file:

    # git config --global --edit

# After doing this, you may fix the identity used for this commit with:

    # git commit --amend --reset-author

 # 1 file changed, 7 insertions(+)

git flow feature publish $FEATURE
# warning: redirecting to https://gitlab.com/a.sevilla/Recipes.git/
# Enumerating objects: 8, done.
# Counting objects: 100% (8/8), done.
# Delta compression using up to 16 threads
# Compressing objects: 100% (4/4), done.
# Writing objects: 100% (6/6), 713 bytes | 713.00 KiB/s, done.
# Total 6 (delta 1), reused 0 (delta 0), pack-reused 0
# remote:
# remote: To create a merge request for feature/Preparation, visit:
# remote:   https://gitlab.com/a.sevilla/Recipes/-/merge_requests/new?merge_request%5Bsource_branch%5D=feature%2FPreparation
# remote:
# To https://gitlab.com/a.sevilla/Recipes
 # * [new branch]      feature/Preparation -> feature/Preparation
# Branch 'feature/Preparation' set up to track remote branch 'feature/Preparation' from 'origin'.
# Already on 'feature/Preparation'
# Your branch is up to date with 'origin/feature/Preparation'.

# Summary of actions:
# - The remote branch 'feature/Preparation' was created or updated
# - The local branch 'feature/Preparation' was configured to track the remote branch
# - You are now on branch 'feature/Preparation'

git flow feature finish $FEATURE
# Switched to branch 'develop'
# Updating 2563e54..a363bd2
# Fast-forward
 # VegetableSoup.txt | 2 ++
 # 1 file changed, 2 insertions(+)
# warning: redirecting to https://gitlab.com/a.sevilla/Recipes.git/
# To https://gitlab.com/a.sevilla/Recipes
 # - [deleted]         feature/Preparation
# Deleted branch feature/Preparation (was a363bd2).

# Summary of actions:
# - The feature branch 'feature/Preparation' was merged into 'develop'
# - Feature branch 'feature/Preparation' has been locally deleted; it has been remotely deleted from 'origin'
# - You are now on branch 'develop'

export RELEASE=v1.0.0
git flow release start $RELEASE
# Switched to a new branch 'release/v1.0.0'

# Summary of actions:
# - A new branch 'release/v1.0.0' was created, based on 'develop'
# - You are now on branch 'release/v1.0.0'

# Follow-up actions:
# - Bump the version number now!
# - Start committing last-minute fixes in preparing your release
# - When done, run:

     # git flow release finish 'v1.0.0'

git flow release finish $RELEASE
# Branches 'master' and 'origin/master' have diverged.
# And local branch 'master' is ahead of 'origin/master'.
# Already on 'master'
# Your branch is ahead of 'origin/master' by 3 commits.
  # (use "git push" to publish your local commits)
# Switched to branch 'develop'
# Already up to date!
# Merge made by the 'recursive' strategy.
# Deleted branch release/v1.0.0 (was a363bd2).

# Summary of actions:
# - Release branch 'release/v1.0.0' has been merged into 'master'
# - The release was tagged 'v1.0.0'
# - Release tag 'v1.0.0' has been back-merged into 'develop'
# - Release branch 'release/v1.0.0' has been locally deleted
# - You are now on branch 'develop'

git push origin --tags
# warning: redirecting to https://gitlab.com/a.sevilla/Recipes.git/
# Enumerating objects: 10, done.
# Counting objects: 100% (10/10), done.
# Delta compression using up to 16 threads
# Compressing objects: 100% (6/6), done.
# Writing objects: 100% (8/8), 917 bytes | 917.00 KiB/s, done.
# Total 8 (delta 3), reused 0 (delta 0), pack-reused 0
# To https://gitlab.com/a.sevilla/Recipes
 # * [new tag]         v1.0.0 -> v1.0.0

git push --all
# warning: redirecting to https://gitlab.com/a.sevilla/Recipes.git/
# Enumerating objects: 1, done.
# Counting objects: 100% (1/1), done.
# Writing objects: 100% (1/1), 246 bytes | 246.00 KiB/s, done.
# Total 1 (delta 0), reused 0 (delta 0), pack-reused 0
# remote:
# remote: To create a merge request for develop, visit:
# remote:   https://gitlab.com/a.sevilla/Recipes/-/merge_requests/new?merge_request%5Bsource_branch%5D=develop
# remote:
# To https://gitlab.com/a.sevilla/Recipes
   # 418ee75..9e3f8d1  master -> master
 # * [new branch]      develop -> develop
